2026-03-16T08:13:28.404Z----🎥 UI Recording started in room JnVxbTrOXAkd5bsZjF2vuKjo_meeting__E2VXYOS3o6tn: b2f5f446-cae3-46cd-9ef8-4bb23aaa1c2e
2026-03-16T08:13:28.406Z----📊 Target FPS: 30, Audio: true
2026-03-16T08:13:31.858Z----🎤 Audio chunks received: 10
2026-03-16T08:13:34.618Z----🎤 Audio chunks received: 20
2026-03-16T08:13:37.416Z----📊 Room JnVxbTrOXAkd5bsZjF2vuKjo_meeting__E2VXYOS3o6tn: 30 frames, 63.8KB avg, FPS: 4.40
2026-03-16T08:13:37.804Z----🎤 Audio chunks received: 30
2026-03-16T08:13:40.737Z----🎤 Audio chunks received: 40
2026-03-16T08:13:43.435Z----📊 Room JnVxbTrOXAkd5bsZjF2vuKjo_meeting__E2VXYOS3o6tn: 60 frames, 48.6KB avg, FPS: 4.33
2026-03-16T08:13:43.568Z----🎤 Audio chunks received: 50
2026-03-16T08:13:46.279Z----🎤 Audio chunks received: 60
2026-03-16T08:13:49.151Z----🎤 Audio chunks received: 70
2026-03-16T08:13:49.630Z----📊 Room JnVxbTrOXAkd5bsZjF2vuKjo_meeting__E2VXYOS3o6tn: 90 frames, 49.3KB avg, FPS: 4.43
2026-03-16T08:13:52.150Z----🎤 Audio chunks received: 80
2026-03-16T08:13:55.923Z----🎤 Audio chunks received: 90
2026-03-16T08:13:57.772Z----📊 Room JnVxbTrOXAkd5bsZjF2vuKjo_meeting__E2VXYOS3o6tn: 120 frames, 49.5KB avg, FPS: 4.40
2026-03-16T08:13:58.850Z----🎤 Audio chunks received: 100
2026-03-16T08:14:00.966Z----🎤 Audio chunks received: 110
2026-03-16T08:14:03.062Z----📊 Room JnVxbTrOXAkd5bsZjF2vuKjo_meeting__E2VXYOS3o6tn: 150 frames, 49.6KB avg, FPS: 4.45
2026-03-16T08:14:03.744Z----🎤 Audio chunks received: 120
2026-03-16T08:14:06.710Z----🎤 Audio chunks received: 130
2026-03-16T08:14:09.470Z----🎤 Audio chunks received: 140
2026-03-16T08:14:10.676Z----📊 Room JnVxbTrOXAkd5bsZjF2vuKjo_meeting__E2VXYOS3o6tn: 180 frames, 49.4KB avg, FPS: 4.36
2026-03-16T08:14:12.384Z----🎤 Audio chunks received: 150
2026-03-16T08:14:15.273Z----🎤 Audio chunks received: 160
2026-03-16T08:14:17.935Z----📊 Room JnVxbTrOXAkd5bsZjF2vuKjo_meeting__E2VXYOS3o6tn: 210 frames, 49.7KB avg, FPS: 4.32
2026-03-16T08:14:18.042Z----🎤 Audio chunks received: 170
2026-03-16T08:14:21.029Z----🎤 Audio chunks received: 180
2026-03-16T08:14:23.904Z----🎤 Audio chunks received: 190
2026-03-16T08:14:24.141Z----📊 Room JnVxbTrOXAkd5bsZjF2vuKjo_meeting__E2VXYOS3o6tn: 240 frames, 49.8KB avg, FPS: 4.36
2026-03-16T08:14:26.838Z----🎤 Audio chunks received: 200
2026-03-16T08:14:29.676Z----🎤 Audio chunks received: 210
2026-03-16T08:14:30.750Z----📊 Room JnVxbTrOXAkd5bsZjF2vuKjo_meeting__E2VXYOS3o6tn: 270 frames, 49.8KB avg, FPS: 4.39
2026-03-16T08:14:32.649Z----🎤 Audio chunks received: 220
2026-03-16T08:14:35.797Z----🎤 Audio chunks received: 230
2026-03-16T08:14:36.656Z----📊 Room JnVxbTrOXAkd5bsZjF2vuKjo_meeting__E2VXYOS3o6tn: 300 frames, 49.9KB avg, FPS: 4.44
2026-03-16T08:14:38.663Z----🎤 Audio chunks received: 240
2026-03-16T08:14:41.618Z----🎤 Audio chunks received: 250
2026-03-16T08:14:43.002Z----📊 Room JnVxbTrOXAkd5bsZjF2vuKjo_meeting__E2VXYOS3o6tn: 330 frames, 49.8KB avg, FPS: 4.48
2026-03-16T08:14:44.673Z----🎤 Audio chunks received: 260
2026-03-16T08:14:47.734Z----🎤 Audio chunks received: 270
2026-03-16T08:14:49.852Z----📊 Room JnVxbTrOXAkd5bsZjF2vuKjo_meeting__E2VXYOS3o6tn: 360 frames, 49.7KB avg, FPS: 4.46
2026-03-16T08:14:50.372Z----🎤 Audio chunks received: 280
2026-03-16T08:14:53.426Z----🎤 Audio chunks received: 290
2026-03-16T08:14:56.077Z----🎤 Audio chunks received: 300
2026-03-16T08:14:56.156Z----📊 Room JnVxbTrOXAkd5bsZjF2vuKjo_meeting__E2VXYOS3o6tn: 390 frames, 48.9KB avg, FPS: 4.49
2026-03-16T08:14:58.997Z----🎤 Audio chunks received: 310
2026-03-16T08:15:01.898Z----🎤 Audio chunks received: 320
2026-03-16T08:15:03.352Z----📊 Room JnVxbTrOXAkd5bsZjF2vuKjo_meeting__E2VXYOS3o6tn: 420 frames, 51.0KB avg, FPS: 4.46
2026-03-16T08:15:05.603Z----🎤 Audio chunks received: 330
2026-03-16T08:15:07.730Z----🎤 Audio chunks received: 340
2026-03-16T08:15:09.952Z----📊 Room JnVxbTrOXAkd5bsZjF2vuKjo_meeting__E2VXYOS3o6tn: 450 frames, 63.0KB avg, FPS: 4.47
2026-03-16T08:15:10.574Z----🎤 Audio chunks received: 350
2026-03-16T08:15:13.393Z----🎤 Audio chunks received: 360
2026-03-16T08:15:18.293Z----🛑 Stopping recording in room JnVxbTrOXAkd5bsZjF2vuKjo_meeting__E2VXYOS3o6tn: b2f5f446-cae3-46cd-9ef8-4bb23aaa1c2e
2026-03-16T08:15:18.456Z----ℹ️ Extended last frame by 0.771s to align with audio (107.29s total).
2026-03-16T08:15:24.548Z----🧹 Cleaning up recording manager for room JnVxbTrOXAkd5bsZjF2vuKjo_meeting__E2VXYOS3o6tn...
2026-03-16T08:15:24.549Z----✅ Cleanup completed for room JnVxbTrOXAkd5bsZjF2vuKjo_meeting__E2VXYOS3o6tn
2026-03-16T08:15:24.553Z----🧹 Cleaning up recording manager for room JnVxbTrOXAkd5bsZjF2vuKjo_meeting__E2VXYOS3o6tn...
2026-03-16T08:15:24.553Z----✅ Cleanup completed for room JnVxbTrOXAkd5bsZjF2vuKjo_meeting__E2VXYOS3o6tn
2026-03-16T08:15:37.793Z----
✅ Video encoding complete
2026-03-16T08:15:37.795Z----📁 Output: 5.88MB at /home/recording-app/app/ui-recordings/rooms/JnVxbTrOXAkd5bsZjF2vuKjo_meeting__E2VXYOS3o6tn/temp/b2f5f446-cae3-46cd-9ef8-4bb23aaa1c2e/ui-recording_JnVxbTrOXAkd5bsZjF2vuKjo_meeting__E2VXYOS3o6tn_2026-03-16T08-13-28-401Z.mp4
2026-03-16T08:15:37.795Z----✅ Video created: /home/recording-app/app/ui-recordings/rooms/JnVxbTrOXAkd5bsZjF2vuKjo_meeting__E2VXYOS3o6tn/temp/b2f5f446-cae3-46cd-9ef8-4bb23aaa1c2e/ui-recording_JnVxbTrOXAkd5bsZjF2vuKjo_meeting__E2VXYOS3o6tn_2026-03-16T08-13-28-401Z.mp4
2026-03-16T08:15:37.797Z----🎵 Converting WebM audio (1687.9KB) to AAC
2026-03-16T08:15:37.798Z----🎵 Running FFmpeg: ffmpeg -i /home/recording-app/app/ui-recordings/rooms/JnVxbTrOXAkd5bsZjF2vuKjo_meeting__E2VXYOS3o6tn/temp/b2f5f446-cae3-46cd-9ef8-4bb23aaa1c2e/audio/recording.webm -c:a aac -ar 48000 -ac 2 -b:a 128k -movflags +faststart -y /home/recording-app/app/ui-recordings/rooms/JnVxbTrOXAkd5bsZjF2vuKjo_meeting__E2VXYOS3o6tn/temp/b2f5f446-cae3-46cd-9ef8-4bb23aaa1c2e/audio.m4a
2026-03-16T08:15:43.916Z----✅ Audio created successfully: /home/recording-app/app/ui-recordings/rooms/JnVxbTrOXAkd5bsZjF2vuKjo_meeting__E2VXYOS3o6tn/temp/b2f5f446-cae3-46cd-9ef8-4bb23aaa1c2e/audio.m4a (1.68MB)
2026-03-16T08:15:43.916Z----✅ Audio created: /home/recording-app/app/ui-recordings/rooms/JnVxbTrOXAkd5bsZjF2vuKjo_meeting__E2VXYOS3o6tn/temp/b2f5f446-cae3-46cd-9ef8-4bb23aaa1c2e/audio.m4a
2026-03-16T08:15:43.918Z----🎬 Muxing video and audio to: /home/recording-app/app/ui-recordings/rooms/JnVxbTrOXAkd5bsZjF2vuKjo_meeting__E2VXYOS3o6tn/completed/ui-recording_JnVxbTrOXAkd5bsZjF2vuKjo_meeting__E2VXYOS3o6tn_2026-03-16T08-13-28-401Z.mp4
2026-03-16T08:15:44.153Z----FFmpeg stderr: ffmpeg version 6.1.1-3ubuntu5 Copyright (c) 2000-2023 the FFmpeg developers
  built with gcc 13 (Ubuntu 13.2.0-23ubuntu3)
  configuration: --prefix=/usr --extra-version=3ubuntu5 --toolchain=hardened --libdir=/usr/lib/x86_64-linux-gnu --incdir=/usr/include/x86_64-linux-gnu --arch=amd64 --enable-gpl --disable-stripping --disable-omx --enable-gnutls --enable-libaom --enable-libass --enable-libbs2b --enable-libcaca --enable-libcdio --enable-libcodec2 --enable-libdav1d --enable-libflite --enable-libfontconfig --enable-libfreetype --enable-libfribidi --enable-libglslang --enable-libgme --enable-libgsm --enable-libharfbuzz --enable-libmp3lame --enable-libmysofa --enable-libopenjpeg --enable-libopenmpt --enable-libopus --enable-librubberband --enable-libshine --enable-libsnappy --enable-libsoxr --enable-libspeex --enable-libtheora --enable-libtwolame --enable-libvidstab --enable-libvorbis --enable-libvpx --enable-libwebp --enable-libx265 --enable-libxml2 --enable-libxvid --enable-libzimg --enable-openal --enable-opencl --enable-opengl --disable-sndio --enable-libvpl --disable-libmfx --enable-libdc1394 --enable-libdrm --enable-libiec61883 --enable-chromaprint --enable-frei0r --enable-ladspa --enable-libbluray --enable-libjack --enable-libpulse --enable-librabbitmq --enable-librist --enable-libsrt --enable-libssh --enable-libsvtav1 --enable-libx264 --enable-libzmq --enable-libzvbi --enable-lv2 --enable-sdl2 --enable-libplacebo --enable-librav1e --enable-pocketsphinx --enable-librsvg --enable-libjxl --enable-shared
  libavutil      58. 29.100 / 58. 29.100
  libavcodec     60. 31.102 / 60. 31.102
  libavformat    60. 16.100 / 60. 16.100
  libavdevice    60.  3.100 / 60.  3.100
  libavfilter     9. 12.100 /  9. 12.100
  libswscale      7.  5.100 /  7.  5.100
  libswresample   4. 12.100 /  4. 12.100
  libpostproc    57.  3.100 / 57.  3.100

2026-03-16T08:15:44.190Z----FFmpeg stderr: Input #0, mov,mp4,m4a,3gp,3g2,mj2, from '/home/recording-app/app/ui-recordings/rooms/JnVxbTrOXAkd5bsZjF2vuKjo_meeting__E2VXYOS3o6tn/temp/b2f5f446-cae3-46cd-9ef8-4bb23aaa1c2e/ui-recording_JnVxbTrOXAkd5bsZjF2vuKjo_meeting__E2VXYOS3o6tn_2026-03-16T08-13-28-401Z.mp4':
  Metadata:
    major_brand     : isom
    minor_version   : 512
    compatible_brands: isomiso2avc1mp41
    encoder         : Lavf60.16.100
  Duration: 00:01:46.80, start: 0.000000, bitrate: 461 kb/s

2026-03-16T08:15:44.191Z----FFmpeg stderr:   Stream #0:0[0x1](und): Video: h264 (High) (avc1 / 0x31637661), yuv420p(tv, bt470bg/unknown/unknown, progressive), 1280x720, 460 kb/s, 4.44 fps, 25 tbr, 12800 tbn (default)
    Metadata:
      handler_name    : VideoHandler
      vendor_id       : [0][0][0][0]
      encoder         : Lavc60.31.102 libx264

2026-03-16T08:15:44.195Z----FFmpeg stderr: Input #1, mov,mp4,m4a,3gp,3g2,mj2, from '/home/recording-app/app/ui-recordings/rooms/JnVxbTrOXAkd5bsZjF2vuKjo_meeting__E2VXYOS3o6tn/temp/b2f5f446-cae3-46cd-9ef8-4bb23aaa1c2e/audio.m4a':
  Metadata:
    major_brand     : M4A 
    minor_version   : 512
    compatible_brands: M4A isomiso2
    encoder         : Lavf60.16.100
  Duration: 00:01:46.98
2026-03-16T08:15:44.195Z----FFmpeg stderr: , start: 0.000000, bitrate: 131 kb/s
  Stream #1:0[0x1](eng): Audio: aac (LC) (mp4a / 0x6134706D), 48000 Hz, stereo, fltp, 128 kb/s (default)
    Metadata:
      handler_name    : SoundHandler
      vendor_id       : [0][0][0][0]

2026-03-16T08:15:44.196Z----FFmpeg stderr: Output #0, mp4, to '/home/recording-app/app/ui-recordings/rooms/JnVxbTrOXAkd5bsZjF2vuKjo_meeting__E2VXYOS3o6tn/completed/ui-recording_JnVxbTrOXAkd5bsZjF2vuKjo_meeting__E2VXYOS3o6tn_2026-03-16T08-13-28-401Z.mp4':
  Metadata:
    major_brand     : isom
    minor_version   : 512
    compatible_brands: isomiso2avc1mp41
    encoder         : Lavf60.16.100
  Stream #0:0(und): Video: h264 (High) (avc1 / 0x31637661), yuv420p(tv, bt470bg/unknown/unknown, progressive), 1280x720, q=2-31, 460 kb/s, 4.44 fps, 25 tbr, 12800 tbn (default)
    Metadata:
      handler_name    : VideoHandler
      vendor_id       : [0][0][0][0]
      encoder         : Lavc60.31.102 libx264
  Stream #0:1(eng): Audio: aac (LC) (mp4a / 0x6134706D), 48000 Hz, stereo, fltp, 128 kb/s (default)
    Metadata:

2026-03-16T08:15:44.196Z----FFmpeg stderr:       handler_name    : SoundHandler
      vendor_id       : [0][0][0][0]
Stream mapping:
  Stream #0:0 -> #0:0 (copy)
  Stream #1:0 -> #0:1 (copy)
Press [q] to stop, [?] for help

2026-03-16T08:15:44.198Z----FFmpeg stderr: size=       0kB time=-00:00:00.68 bitrate=  -0.0kbits/s speed=N/A    
2026-03-16T08:15:44.371Z----FFmpeg stderr: [mp4 @ 0x58285603ff40] Starting second pass: moving the moov atom to the beginning of the file

2026-03-16T08:15:44.376Z----FFmpeg stderr: [out#0/mp4 @ 0x5828560c3000] video:5952kB audio:1673kB subtitle:0kB other streams:0kB global headers:0kB muxing overhead: 0.837749%
size=    7688kB time=00:01:46.96 bitrate= 588.8kbits/s speed= 595x    

2026-03-16T08:15:44.388Z----✅ Muxing complete: 7.51MB
2026-03-16T08:15:44.388Z----✅ Final video with audio: /home/recording-app/app/ui-recordings/rooms/JnVxbTrOXAkd5bsZjF2vuKjo_meeting__E2VXYOS3o6tn/completed/ui-recording_JnVxbTrOXAkd5bsZjF2vuKjo_meeting__E2VXYOS3o6tn_2026-03-16T08-13-28-401Z.mp4
2026-03-16T08:15:45.522Z----✅ Thumbnail generated
2026-03-16T08:15:45.523Z----✅ Recording completed in room JnVxbTrOXAkd5bsZjF2vuKjo_meeting__E2VXYOS3o6tn
2026-03-16T08:15:45.523Z----📊 Stats: 473 frames, 368 audio chunks, 137.122s duration
2026-03-16T08:15:45.523Z----📁 File URL: /recordings/rooms/JnVxbTrOXAkd5bsZjF2vuKjo_meeting__E2VXYOS3o6tn/completed/ui-recording_JnVxbTrOXAkd5bsZjF2vuKjo_meeting__E2VXYOS3o6tn_2026-03-16T08-13-28-401Z.mp4 [object Object]
2026-03-16T16:29:18.722Z----🎥 UI Recording started in room 81GaPO5PAgLab1KziOLEZRG8_schedule__J9SPDEAU9noq: ddf0d374-c671-4e47-8b98-eee77bc5f601
2026-03-16T16:29:18.724Z----📊 Target FPS: 30, Audio: true
2026-03-16T16:29:22.052Z----🎤 Audio chunks received: 10
2026-03-16T16:29:26.255Z----🎤 Audio chunks received: 20
2026-03-16T16:29:30.706Z----🎤 Audio chunks received: 30
2026-03-16T16:29:34.376Z----🎤 Audio chunks received: 40
2026-03-16T16:29:34.524Z----📊 Room 81GaPO5PAgLab1KziOLEZRG8_schedule__J9SPDEAU9noq: 30 frames, 48.9KB avg, FPS: 2.03
2026-03-16T16:29:38.334Z----🎤 Audio chunks received: 50
2026-03-16T16:29:42.873Z----🎤 Audio chunks received: 60
2026-03-16T16:29:45.884Z----🎤 Audio chunks received: 70
2026-03-16T16:29:49.260Z----🎤 Audio chunks received: 80
2026-03-16T16:29:50.521Z----📊 Room 81GaPO5PAgLab1KziOLEZRG8_schedule__J9SPDEAU9noq: 60 frames, 48.5KB avg, FPS: 1.93
2026-03-16T16:29:53.011Z----🎤 Audio chunks received: 90
2026-03-16T16:29:56.746Z----🎤 Audio chunks received: 100
2026-03-16T16:29:59.736Z----🎤 Audio chunks received: 110
2026-03-16T16:30:04.277Z----🎤 Audio chunks received: 120
2026-03-16T16:30:06.720Z----📊 Room 81GaPO5PAgLab1KziOLEZRG8_schedule__J9SPDEAU9noq: 90 frames, 49.8KB avg, FPS: 1.94
2026-03-16T16:30:07.690Z----🎤 Audio chunks received: 130
2026-03-16T16:30:11.882Z----🎤 Audio chunks received: 140
2026-03-16T16:30:16.781Z----🎤 Audio chunks received: 150
2026-03-16T16:30:19.714Z----🎤 Audio chunks received: 160
2026-03-16T16:30:22.519Z----📊 Room 81GaPO5PAgLab1KziOLEZRG8_schedule__J9SPDEAU9noq: 120 frames, 50.6KB avg, FPS: 1.92
2026-03-16T16:30:23.751Z----🎤 Audio chunks received: 170
2026-03-16T16:30:27.035Z----🎤 Audio chunks received: 180
2026-03-16T16:30:30.496Z----🎤 Audio chunks received: 190
2026-03-16T16:30:33.777Z----🎤 Audio chunks received: 200
2026-03-16T16:30:36.425Z----📊 Room 81GaPO5PAgLab1KziOLEZRG8_schedule__J9SPDEAU9noq: 150 frames, 51.5KB avg, FPS: 1.96
2026-03-16T16:30:37.829Z----🎤 Audio chunks received: 210
2026-03-16T16:30:41.752Z----🎤 Audio chunks received: 220
2026-03-16T16:30:44.476Z----🎤 Audio chunks received: 230
2026-03-16T16:30:48.655Z----🎤 Audio chunks received: 240
2026-03-16T16:30:50.552Z----📊 Room 81GaPO5PAgLab1KziOLEZRG8_schedule__J9SPDEAU9noq: 180 frames, 48.3KB avg, FPS: 1.98
2026-03-16T16:30:53.169Z----🎤 Audio chunks received: 250
2026-03-16T16:30:57.618Z----🎤 Audio chunks received: 260
2026-03-16T16:31:00.613Z----🎤 Audio chunks received: 270
2026-03-16T16:31:05.184Z----🎤 Audio chunks received: 280
2026-03-16T16:31:05.409Z----📊 Room 81GaPO5PAgLab1KziOLEZRG8_schedule__J9SPDEAU9noq: 210 frames, 50.4KB avg, FPS: 1.99
2026-03-16T16:31:08.072Z----🎤 Audio chunks received: 290
2026-03-16T16:31:11.379Z----🎤 Audio chunks received: 300
2026-03-16T16:31:16.460Z----🎤 Audio chunks received: 310
2026-03-16T16:31:20.954Z----🎤 Audio chunks received: 320
2026-03-16T16:31:21.103Z----📊 Room 81GaPO5PAgLab1KziOLEZRG8_schedule__J9SPDEAU9noq: 240 frames, 50.7KB avg, FPS: 1.97
2026-03-16T16:31:24.507Z----🎤 Audio chunks received: 330
2026-03-16T16:31:27.741Z----🎤 Audio chunks received: 340
2026-03-16T16:31:31.725Z----🎤 Audio chunks received: 350
2026-03-16T16:31:33.551Z----📊 Room 81GaPO5PAgLab1KziOLEZRG8_schedule__J9SPDEAU9noq: 270 frames, 47.1KB avg, FPS: 2.01
2026-03-16T16:31:35.009Z----🎤 Audio chunks received: 360
2026-03-16T16:31:37.979Z----🎤 Audio chunks received: 370
2026-03-16T16:31:41.673Z----🎤 Audio chunks received: 380
2026-03-16T16:31:46.324Z----🎤 Audio chunks received: 390
2026-03-16T16:31:48.507Z----📊 Room 81GaPO5PAgLab1KziOLEZRG8_schedule__J9SPDEAU9noq: 300 frames, 49.4KB avg, FPS: 2.02
2026-03-16T16:31:49.255Z----🎤 Audio chunks received: 400
2026-03-16T16:31:53.328Z----🎤 Audio chunks received: 410
2026-03-16T16:31:56.299Z----🎤 Audio chunks received: 420
2026-03-16T16:32:00.309Z----🎤 Audio chunks received: 430
2026-03-16T16:32:03.934Z----🎤 Audio chunks received: 440
2026-03-16T16:32:04.720Z----📊 Room 81GaPO5PAgLab1KziOLEZRG8_schedule__J9SPDEAU9noq: 330 frames, 50.2KB avg, FPS: 2.00
2026-03-16T16:32:07.785Z----🎤 Audio chunks received: 450
2026-03-16T16:32:11.223Z----🎤 Audio chunks received: 460
2026-03-16T16:32:14.129Z----🎤 Audio chunks received: 470
2026-03-16T16:32:17.007Z----📊 Room 81GaPO5PAgLab1KziOLEZRG8_schedule__J9SPDEAU9noq: 360 frames, 49.0KB avg, FPS: 2.02
2026-03-16T16:32:17.499Z----🎤 Audio chunks received: 480
2026-03-16T16:32:20.630Z----🎤 Audio chunks received: 490
2026-03-16T16:32:24.653Z----🎤 Audio chunks received: 500
2026-03-16T16:32:29.407Z----🎤 Audio chunks received: 510
2026-03-16T16:32:33.268Z----🎤 Audio chunks received: 520
2026-03-16T16:32:34.245Z----📊 Room 81GaPO5PAgLab1KziOLEZRG8_schedule__J9SPDEAU9noq: 390 frames, 40.0KB avg, FPS: 2.00
2026-03-16T16:32:37.718Z----🎤 Audio chunks received: 530
2026-03-16T16:32:42.819Z----🎤 Audio chunks received: 540
2026-03-16T16:32:45.439Z----🎤 Audio chunks received: 550
2026-03-16T16:32:49.053Z----🎤 Audio chunks received: 560
2026-03-16T16:32:51.937Z----📊 Room 81GaPO5PAgLab1KziOLEZRG8_schedule__J9SPDEAU9noq: 420 frames, 41.5KB avg, FPS: 1.98
2026-03-16T16:32:54.270Z----🎤 Audio chunks received: 570
2026-03-16T16:32:59.220Z----🎤 Audio chunks received: 580
2026-03-16T16:33:02.218Z----🎤 Audio chunks received: 590
2026-03-16T16:33:05.737Z----🎤 Audio chunks received: 600
2026-03-16T16:33:07.990Z----📊 Room 81GaPO5PAgLab1KziOLEZRG8_schedule__J9SPDEAU9noq: 450 frames, 40.5KB avg, FPS: 1.97
2026-03-16T16:33:09.886Z----🎤 Audio chunks received: 610
2026-03-16T16:33:13.533Z----🎤 Audio chunks received: 620
2026-03-16T16:33:17.482Z----🎤 Audio chunks received: 630
2026-03-16T16:33:21.200Z----🎤 Audio chunks received: 640
2026-03-16T16:33:24.854Z----🎤 Audio chunks received: 650
2026-03-16T16:33:27.408Z----📊 Room 81GaPO5PAgLab1KziOLEZRG8_schedule__J9SPDEAU9noq: 480 frames, 41.4KB avg, FPS: 1.95
2026-03-16T16:33:29.052Z----🎤 Audio chunks received: 660
2026-03-16T16:33:32.148Z----🎤 Audio chunks received: 670
2026-03-16T16:33:35.819Z----🎤 Audio chunks received: 680
2026-03-16T16:33:39.144Z----🎤 Audio chunks received: 690
2026-03-16T16:33:40.930Z----📊 Room 81GaPO5PAgLab1KziOLEZRG8_schedule__J9SPDEAU9noq: 510 frames, 40.4KB avg, FPS: 1.95
2026-03-16T16:33:43.022Z----🎤 Audio chunks received: 700
2026-03-16T16:33:46.035Z----🎤 Audio chunks received: 710
2026-03-16T16:33:49.983Z----🎤 Audio chunks received: 720
2026-03-16T16:33:51.366Z----📊 Room 81GaPO5PAgLab1KziOLEZRG8_schedule__J9SPDEAU9noq: 540 frames, 49.8KB avg, FPS: 1.99
2026-03-16T16:33:52.903Z----🎤 Audio chunks received: 730
2026-03-16T16:33:56.175Z----🎤 Audio chunks received: 740
2026-03-16T16:33:59.481Z----🎤 Audio chunks received: 750
2026-03-16T16:34:03.005Z----🎤 Audio chunks received: 760
2026-03-16T16:34:07.921Z----🎤 Audio chunks received: 770
2026-03-16T16:34:08.154Z----📊 Room 81GaPO5PAgLab1KziOLEZRG8_schedule__J9SPDEAU9noq: 570 frames, 51.8KB avg, FPS: 1.98
2026-03-16T16:34:11.241Z----🎤 Audio chunks received: 780
2026-03-16T16:34:14.886Z----🎤 Audio chunks received: 790
2026-03-16T16:34:19.558Z----🎤 Audio chunks received: 800
2026-03-16T16:34:23.459Z----🎤 Audio chunks received: 810
2026-03-16T16:34:25.853Z----📊 Room 81GaPO5PAgLab1KziOLEZRG8_schedule__J9SPDEAU9noq: 600 frames, 46.8KB avg, FPS: 1.96
2026-03-16T16:34:29.863Z----🛑 Stopping recording in room 81GaPO5PAgLab1KziOLEZRG8_schedule__J9SPDEAU9noq: ddf0d374-c671-4e47-8b98-eee77bc5f601
2026-03-16T16:34:30.038Z----ℹ️ Extended last frame by 0.498s to align with audio (308.28s total).
2026-03-16T16:34:34.667Z----🧹 Cleaning up recording manager for room 81GaPO5PAgLab1KziOLEZRG8_schedule__J9SPDEAU9noq...
2026-03-16T16:34:34.668Z----✅ Cleanup completed for room 81GaPO5PAgLab1KziOLEZRG8_schedule__J9SPDEAU9noq
2026-03-16T16:34:34.671Z----🧹 Cleaning up recording manager for room 81GaPO5PAgLab1KziOLEZRG8_schedule__J9SPDEAU9noq...
2026-03-16T16:34:34.671Z----✅ Cleanup completed for room 81GaPO5PAgLab1KziOLEZRG8_schedule__J9SPDEAU9noq
2026-03-16T16:34:54.384Z----
✅ Video encoding complete
2026-03-16T16:34:54.384Z----📁 Output: 10.20MB at /home/recording-app/app/ui-recordings/rooms/81GaPO5PAgLab1KziOLEZRG8_schedule__J9SPDEAU9noq/temp/ddf0d374-c671-4e47-8b98-eee77bc5f601/ui-recording_81GaPO5PAgLab1KziOLEZRG8_schedule__J9SPDEAU9noq_2026-03-16T16-29-18-718Z.mp4
2026-03-16T16:34:54.384Z----✅ Video created: /home/recording-app/app/ui-recordings/rooms/81GaPO5PAgLab1KziOLEZRG8_schedule__J9SPDEAU9noq/temp/ddf0d374-c671-4e47-8b98-eee77bc5f601/ui-recording_81GaPO5PAgLab1KziOLEZRG8_schedule__J9SPDEAU9noq_2026-03-16T16-29-18-718Z.mp4
2026-03-16T16:34:54.385Z----🎵 Converting WebM audio (4845.0KB) to AAC
2026-03-16T16:34:54.385Z----🎵 Running FFmpeg: ffmpeg -i /home/recording-app/app/ui-recordings/rooms/81GaPO5PAgLab1KziOLEZRG8_schedule__J9SPDEAU9noq/temp/ddf0d374-c671-4e47-8b98-eee77bc5f601/audio/recording.webm -c:a aac -ar 48000 -ac 2 -b:a 128k -movflags +faststart -y /home/recording-app/app/ui-recordings/rooms/81GaPO5PAgLab1KziOLEZRG8_schedule__J9SPDEAU9noq/temp/ddf0d374-c671-4e47-8b98-eee77bc5f601/audio.m4a
2026-03-16T16:35:11.513Z----✅ Audio created successfully: /home/recording-app/app/ui-recordings/rooms/81GaPO5PAgLab1KziOLEZRG8_schedule__J9SPDEAU9noq/temp/ddf0d374-c671-4e47-8b98-eee77bc5f601/audio.m4a (4.75MB)
2026-03-16T16:35:11.514Z----✅ Audio created: /home/recording-app/app/ui-recordings/rooms/81GaPO5PAgLab1KziOLEZRG8_schedule__J9SPDEAU9noq/temp/ddf0d374-c671-4e47-8b98-eee77bc5f601/audio.m4a
2026-03-16T16:35:11.516Z----🎬 Muxing video and audio to: /home/recording-app/app/ui-recordings/rooms/81GaPO5PAgLab1KziOLEZRG8_schedule__J9SPDEAU9noq/completed/ui-recording_81GaPO5PAgLab1KziOLEZRG8_schedule__J9SPDEAU9noq_2026-03-16T16-29-18-718Z.mp4
2026-03-16T16:35:11.795Z----FFmpeg stderr: ffmpeg version 6.1.1-3ubuntu5 Copyright (c) 2000-2023 the FFmpeg developers
  built with gcc 13 (Ubuntu 13.2.0-23ubuntu3)
  configuration: --prefix=/usr --extra-version=3ubuntu5 --toolchain=hardened --libdir=/usr/lib/x86_64-linux-gnu --incdir=/usr/include/x86_64-linux-gnu --arch=amd64 --enable-gpl --disable-stripping --disable-omx --enable-gnutls --enable-libaom --enable-libass --enable-libbs2b --enable-libcaca --enable-libcdio --enable-libcodec2 --enable-libdav1d --enable-libflite --enable-libfontconfig --enable-libfreetype --enable-libfribidi --enable-libglslang --enable-libgme --enable-libgsm --enable-libharfbuzz --enable-libmp3lame --enable-libmysofa --enable-libopenjpeg --enable-libopenmpt --enable-libopus --enable-librubberband --enable-libshine --enable-libsnappy --enable-libsoxr --enable-libspeex --enable-libtheora --enable-libtwolame --enable-libvidstab --enable-libvorbis --enable-libvpx --enable-libwebp --enable-libx265 --enable-libxml2 --enable-libxvid --enable-libzimg --enable-openal --enable-opencl --enable-opengl --disable-sndio --enable-libvpl --disable-libmfx --enable-libdc1394 --enable-libdrm --enable-libiec61883 --enable-chromaprint --enable-frei0r --enable-ladspa --enable-libbluray --enable-libjack --enable-libpulse --enable-librabbitmq --enable-librist --enable-libsrt --enable-libssh --enable-libsvtav1 --enable-libx264 --enable-libzmq --enable-libzvbi --enable-lv2 --enable-sdl2 --enable-libplacebo --enable-librav1e --enable-pocketsphinx --enable-librsvg --enable-libjxl --enable-shared
  libavutil      58. 29.100 / 58. 29.100
  libavcodec     60. 31.102 / 60. 31.102
  libavformat    60. 16.100 / 60. 16.100
  libavdevice    60.  3.100 / 60.  3.100
  libavfilter     9. 12.100 /  9. 12.100
  libswscale      7.  5.100 /  7.  5.100
  libswresample   4. 12.100 /  4. 12.100
  libpostproc    57.  3.100 / 57.  3.100

2026-03-16T16:35:11.827Z----FFmpeg stderr: Input #0, mov,mp4,m4a,3gp,3g2,mj2, from '/home/recording-app/app/ui-recordings/rooms/81GaPO5PAgLab1KziOLEZRG8_schedule__J9SPDEAU9noq/temp/ddf0d374-c671-4e47-8b98-eee77bc5f601/ui-recording_81GaPO5PAgLab1KziOLEZRG8_schedule__J9SPDEAU9noq_2026-03-16T16-29-18-718Z.mp4':
  Metadata:
    major_brand     : isom
    minor_version   : 512
    compatible_brands: isomiso2avc1mp41
    encoder         : Lavf60.16.100
  Duration: 00:05:08.32, start: 0.000000, bitrate: 277 kb/s
  Stream #0:0[0x1](und): Video: h264 (High) (avc1 / 0x31637661), yuv420p(tv, bt470bg/unknown/unknown, progressive), 1280x720, 277 kb/s, 1.95 fps, 25 tbr, 12800 tbn (default)
    Metadata:
      handler_name    : VideoHandler
      vendor_id       : [0][0][0][0]

2026-03-16T16:35:11.827Z----FFmpeg stderr:       encoder         : Lavc60.31.102 libx264

2026-03-16T16:35:11.834Z----FFmpeg stderr: Input #1, mov,mp4,m4a,3gp,3g2,mj2, from '/home/recording-app/app/ui-recordings/rooms/81GaPO5PAgLab1KziOLEZRG8_schedule__J9SPDEAU9noq/temp/ddf0d374-c671-4e47-8b98-eee77bc5f601/audio.m4a':
  Metadata:
    major_brand     : M4A 
    minor_version   : 512
    compatible_brands: M4A isomiso2
    encoder         : Lavf60.16.100
  Duration: 00:05:07.08, start: 0.000000, bitrate: 129 kb/s

2026-03-16T16:35:11.834Z----FFmpeg stderr:   Stream #1:0[0x1](eng): Audio: aac (LC) (mp4a / 0x6134706D), 48000 Hz, stereo, fltp, 128 kb/s (default)
    Metadata:
      handler_name    : SoundHandler
      vendor_id       : [0][0][0][0]

2026-03-16T16:35:11.835Z----FFmpeg stderr: Output #0, mp4, to '/home/recording-app/app/ui-recordings/rooms/81GaPO5PAgLab1KziOLEZRG8_schedule__J9SPDEAU9noq/completed/ui-recording_81GaPO5PAgLab1KziOLEZRG8_schedule__J9SPDEAU9noq_2026-03-16T16-29-18-718Z.mp4':
  Metadata:
    major_brand     : 
2026-03-16T16:35:11.839Z----FFmpeg stderr: isom
    minor_version   : 512
    compatible_brands: 
2026-03-16T16:35:11.840Z----FFmpeg stderr: isomiso2avc1mp41
    encoder         : Lavf60.16.100
  Stream #0:0(und): Video: h264 (High) (avc1 / 0x31637661), yuv420p(tv, bt470bg/unknown/unknown, progressive), 1280x720, q=2-31, 277 kb/s, 1.95 fps, 25 tbr, 12800 tbn (default)
    Metadata:
      handler_name    : VideoHandler
      vendor_id       : [0][0][0][0]
      encoder         : Lavc60.31.102 libx264
  Stream #0:1(eng): Audio: aac (LC) (mp4a / 0x6134706D), 48000 Hz, stereo, fltp, 128 kb/s (default)
    Metadata:
      handler_name    : SoundHandler
      vendor_id       : [0][0][0][0]
Stream mapping:
  Stream #0:0 -> #0:0 (copy)
  Stream #1:0 -> #0:1 (copy)
Press [q] to stop, [?] for help

2026-03-16T16:35:11.847Z----FFmpeg stderr: size=       0kB time=-00:00:01.64 bitrate=  -0.0kbits/s speed=N/A    
2026-03-16T16:35:12.340Z----FFmpeg stderr: size=   13824kB time=00:04:45.40 bitrate= 396.8kbits/s speed= 571x    
2026-03-16T16:35:12.367Z----FFmpeg stderr: [mp4 @ 0x61baf5937140] Starting second pass: moving the moov atom to the beginning of the file

2026-03-16T16:35:12.380Z----FFmpeg stderr: [out#0/mp4 @ 0x61baf58d1380] video:10339kB audio:4808kB subtitle:0kB other streams:0kB global headers:0kB muxing overhead: 0.531475%
size=   15228kB time=00:05:07.06 bitrate= 406.3kbits/s speed= 568x    

2026-03-16T16:35:12.393Z----✅ Muxing complete: 14.87MB
2026-03-16T16:35:12.393Z----✅ Final video with audio: /home/recording-app/app/ui-recordings/rooms/81GaPO5PAgLab1KziOLEZRG8_schedule__J9SPDEAU9noq/completed/ui-recording_81GaPO5PAgLab1KziOLEZRG8_schedule__J9SPDEAU9noq_2026-03-16T16-29-18-718Z.mp4
2026-03-16T16:35:13.744Z----✅ Thumbnail generated
2026-03-16T16:35:13.744Z----✅ Recording completed in room 81GaPO5PAgLab1KziOLEZRG8_schedule__J9SPDEAU9noq
2026-03-16T16:35:13.744Z----📊 Stats: 602 frames, 816 audio chunks, 355.026s duration
2026-03-16T16:35:13.745Z----📁 File URL: /recordings/rooms/81GaPO5PAgLab1KziOLEZRG8_schedule__J9SPDEAU9noq/completed/ui-recording_81GaPO5PAgLab1KziOLEZRG8_schedule__J9SPDEAU9noq_2026-03-16T16-29-18-718Z.mp4 [object Object]
